// Vitest Snapshot v1, https://vitest.dev/guide/snapshot.html

exports[`package exports 1`] = `
{
  ".": {
    "CTA_TYPE_NAME": "string",
    "LINK_TYPE_NAME": "string",
    "PAGE_TYPE_NAME": "string",
    "SEO_TYPE_NAME": "string",
    "ctaType": "function",
    "linkType": "function",
    "pageType": "function",
    "presets": "function",
    "seoType": "function",
  },
}
`;
